C51 COMPILER V9.01   MAIN                                                                  10/16/2017 18:21:08 PAGE 1   


C51 COMPILER V9.01, COMPILATION OF MODULE MAIN
OBJECT MODULE PLACED IN main.OBJ
COMPILER INVOKED BY: D:\软件\Keil C51\C51\BIN\C51.EXE main.c BROWSE DEBUG OBJECTEXTEND

line level    source

   1          /**************************************************************************************
   2          *                             点亮第一个LED实验                                                                                           *
   3          实现现象：下载程序后D1指示灯点亮
   4          注意事项：无                                                                                                                                                              
   5          ***************************************************************************************/
   6          
   7          
   8          #include "reg52.h"                       //′????t?D?¨ò?á?μ￥???úμ?ò?D?ì?êa1|?ü??′??÷
   9          
  10          
  11          
  12          typedef unsigned int uint;        //??êy?YààDí??DDéù?÷?¨ò?
  13          typedef unsigned char uchar;
  14          sbit k1=P3^0;
  15          sbit k2=P3^1;
  16          sbit k3=P3^2;
  17          sbit beepIO=P3^7;
  18          uchar code table0[]={0xfe,0xfd,0xfb,0xf7,0xef,0xdf,0xbf,0x7f};//LED从低位往高位移
  19          uchar code table1[]={0x7f,0xbf,0xdf,0xef,0xf7,0xfb,0xfd,0xfe};//LED从高位往低位移
  20          uchar code table2[]={0xfe,0xfc,0xf8,0xf0,0xe0,0xc0,0x80,0x00};//LED从1个亮到8个都点亮(从低位往高位)
  21          uchar code table3[]={0x7f,0x3f,0x1f,0x0f,0x07,0x03,0x01,0x00};//LED从1个亮到8个都点亮(从高位往低位)
  22          uchar code table4[]={0x00,0x01,0x03,0x07,0x0f,0x1f,0x3f,0x7f,0xff};//LED从8个全亮到一个都不亮(从低位往高位
             -)
  23          uchar code table5[]={0x00,0x80,0xc0,0xe0,0xf0,0xf8,0xfc,0xfe,0xff};//LED从8个全亮到一个都不亮(从高位往低位
             -)
  24          uchar code table6[]={0xfe,0xfc,0xfa,0xf6,0xee,0xde,0xbe,0x7e};//LED从低位往高位移(最低位始终为0)
  25          uchar code table7[]={0x7f,0x3f,0x5f,0x6f,0x77,0x7b,0x7d,0x7e};//LED从高位往低位移(最高位始终为0)
  26          uchar code table8[]={0x7e,0xbd,0xdb,0xe7}; //两边往中间一个一个亮
  27          uchar code table9[]={0x7e,0x3c,0x1e,0x00};  //两边往中间逐渐都点亮
  28          uchar code table10[]={0xe7,0xc3,0x81,0x00};  //中间往两边逐渐都点亮
  29          uchar code table11[]={0x18,0x3c,0x7e,0xff};  //中间往两边从全亮逐渐都不亮
  30          uchar code table12[]={0xe0,0xc0,0x80,0x00};  //P1左边全亮，右边从底部开始一个一个亮直到全亮
  31          uchar code table13[]={0x07,0x03,0x01,0x00};  //P1右边全亮，左边从底部开始一个一个亮直到全亮
  32          uchar code table14[]={0x80,0xc0,0xe0,0xf0};  //P1左边全亮，从右边开始全亮直到全灭
  33          uchar code table15[]={0xef,0xcf,0x8f,0x0f};  //P1左边全灭，右边从底部开始一个一个亮直到全亮
  34          uchar code table16[]={0x0e,0x0c,0x08,0x00};  //P1右边全亮，从左边开始到底部一个一个亮直到全亮
  35          uchar code table17[]={0x10,0x30,0x70,0xf0};  //P1左边全亮，从右边开始全亮直到全灭
  36          uchar code table18[]={0x1f,0x3f,0x7f,0xff};  //P1右边全灭，左边从开始一个一个灭直到全灭 
  37          uchar i,j;              //定义循环变量
  38          uchar m,n; 
  39          uint cycle=500,high,low;
  40          uchar code T[49][2]={{0,0},
  41          {0xF8,0x8B},{0xF8,0xF2},{0xF9,0x5B},{0xF9,0xB7},{0xFA,0x14},{0xFA,0x66},{0xFA,0xB9},{0xFB,0x03},{0xFB,0x4A
             -},{0xFB,0x8F},{0xFB,0xCF},{0xFC,0x0B},
  42          {0xFC,0x43},{0xFC,0x78},{0xFC,0xAB},{0xFC,0xDB},{0xFD,0x08},{0xFD,0x33},{0xFD,0x5B},{0xFD,0x81},{0xFD,0xA5
             -},{0xFD,0xC7},{0xFD,0xE7},{0xFE,0x05},
  43          {0xFE,0x21},{0xFE,0x3C},{0xFE,0x55},{0xFE,0x6D},{0xFE,0x84},{0xFE,0x99},{0xFE,0xAD},{0xFE,0xC0},{0xFE,0x02
             -},{0xFE,0xE3},{0xFE,0xF3},{0xFF,0x02},
  44          {0xFF,0x10},{0xFF,0x1D},{0xFF,0x2A},{0xFF,0x36},{0xFF,0x42},{0xFF,0x4C},{0xFF,0x56},{0xFF,0x60},{0xFF,0x69
             -},{0xFF,0x71},{0xFF,0x79},{0xFF,0x81}
  45          };
  46          uchar code music[][2]={{0,4},
  47          {0,4},{24,4},{24,4},{21,4},{19,4},{21,4},{14,8},{19,4},{21,4},{24,4},{21,4},{19,16},{0,4},{24,4},{24,4},{2
             -1,4},{19,4},{21,4},{12,8},{19,4},{21,4},{24,4},{19,4},{17,16},{0,4},{17,4},{19,4},{21,4},
  48          {24,4},{26,4},{24,4},{22,4},{24,4},{21,4},{21,4},{19,4},{19,16},{0,4},
C51 COMPILER V9.01   MAIN                                                                  10/16/2017 18:21:08 PAGE 2   

  49          {17,4},{19,4},{17,4},{17,4},{19,4},{17,4},{19,4},{19,4},{21,8},{24,4},{21,4},{21,12},{0,4},{24,4},{24,4},{
             -21,4},{19,4},{21,4},{14,8},{19,4},{21,4},{24,4},{21,4},{19,16},{0,4},{24,4},{24,4},{21,4},
  50          {19,4},{21,4},{12,8},{19,4},{21,4},{24,4},{19,4},{17,16},{0,4},{17,4},{19,4},{21,4},{24,4},{26,4},{24,4},{
             -22,4},{24,4},{21,4},{21,4},{19,4},{19,12},{12,4},{21,8},{19,4},{19,8},{17,16},
  51          {0xFF,0xFF}};
  52          
  53          
  54          void delay1(uchar p)
  55          {
  56   1      uchar i,j; 
  57   1      for(;p>0;p--)
  58   1      for(i=181;i>0;i--)
  59   1      for(j=181;j>0;j--);
  60   1      }
  61          void delay2(uint i)
  62          {
  63   1              while(i--);
  64   1      }
  65          
  66          void pause()
  67          {
  68   1      uchar i,j;
  69   1      for(i=150;i>0;i--)
  70   1      for(j=150;j>0;j--);
  71   1      }
  72          
  73          
  74          void T0_int() interrupt 1
  75          {
  76   1      P0=P2=0Xc3;
  77   1      P1=0X81;
  78   1      beepIO=!beepIO;
  79   1      TH0=T[m][0]; TL0=T[m][1];
  80   1      P2=P1=P0=0XFF;
  81   1      }
  82          
  83          
  84          
  85          
  86          
  87          
  88          void delay(uint time)   //延时函数
  89          {
  90   1              uint x,y;
  91   1              for(x=time;x>0;x--)
  92   1              for(y=110;y>0;y--);
  93   1      }
  94          void disp0()                    //状态0 所有LED闪烁3次
  95          {
  96   1              for(i=0;i<3;i++)
  97   1              {
  98   2                      P2=0x00; P1=0x00; P0=0x00; 
  99   2                      delay(300);
 100   2                      P0=0xff; P2=0xff; P1=0xff;
 101   2                      delay(300);
 102   2              }
 103   1      }
 104          
 105          void disp1()                    //状态1 LED顺时针转一圈
 106          {
 107   1              for(i=0;i<8;i++)
 108   1              {
C51 COMPILER V9.01   MAIN                                                                  10/16/2017 18:21:08 PAGE 3   

 109   2                      P2=table1[i];
 110   2                      delay(50);
 111   2              }
 112   1              P2=0xff;
 113   1              for(i=0;i<8;i++)
 114   1              {
 115   2                      P1=table1[i];
 116   2                      delay(50);
 117   2              }
 118   1              P1=0xff;
 119   1              for(i=0;i<8;i++)
 120   1              {
 121   2                      P0=table0[i];
 122   2                      delay(50);
 123   2              }
 124   1              P0=0xff;
 125   1      }
 126          
 127          void disp2()                    //状态2 LED逆时针转一圈
 128          {
 129   1              for(i=0;i<8;i++)
 130   1              {
 131   2                      P0=table1[i];
 132   2                      delay(50);
 133   2              }
 134   1              P0=0xff;
 135   1              for(i=0;i<8;i++)
 136   1              {
 137   2                      P1=table0[i];
 138   2                      delay(50);
 139   2              }
 140   1              P1=0xff;
 141   1              for(i=0;i<8;i++)
 142   1              {
 143   2                      P2=table0[i];
 144   2                      delay(50);
 145   2              }
 146   1              P2=0xff;
 147   1      }
 148          
 149          void disp3()                    //状态3 3个LED同时顺时、逆时针移动1/3圈
 150          {
 151   1              for(i=0;i<8;i++)
 152   1              {
 153   2                      P0=table1[i];
 154   2                      P1=table0[i];
 155   2                      P2=table0[i];           
 156   2                      delay(100);
 157   2              }
 158   1              for(i=0;i<8;i++)
 159   1              {
 160   2                      P0=table0[i];
 161   2                      P1=table1[i];
 162   2                      P2=table1[i];
 163   2                      delay(100);
 164   2              }
 165   1              P0=0xff;P1=0xff; P2=0xff; 
 166   1      }
 167          
 168          void disp4()                    //状态4  
 169          {
 170   1              for(i=0;i<12;i++)
C51 COMPILER V9.01   MAIN                                                                  10/16/2017 18:21:08 PAGE 4   

 171   1              {
 172   2                      if(i<8)
 173   2                      {
 174   3                              P0=table1[i];
 175   3                              P2=table1[i];
 176   3                      }
 177   2                      else
 178   2                      {
 179   3                              P0=0xff; P2=0xff;
 180   3                              P1=table8[i];
 181   3                      }       
 182   2                      delay(100);
 183   2              }
 184   1                      P1=0xff;        
 185   1      }
 186          void disp5()                    //状态5 
 187          {
 188   1              for(i=0;i<12;i++)
 189   1              {
 190   2                      if(i<4)
 191   2                      {
 192   3                              P1=table8[3-i]; 
 193   3                      }
 194   2                      else
 195   2                      {
 196   3                              P1=0xff;
 197   3                              P0=table0[i];
 198   3                              P2=table0[i];
 199   3                      }       
 200   2                      delay(100);
 201   2              }
 202   1                      P0=0xff; P2=0xff;       
 203   1      }
 204          void disp6()                    //状态6 LED自上而下逐渐点亮(一半点亮一半不亮)
 205          {
 206   1              for(i=0;i<8;i++)
 207   1              {
 208   2                      P0=table3[i];
 209   2                      P2=table3[i];
 210   2                      delay(100);
 211   2              }
 212   1              P0=0xff; P2=0xff;
 213   1              for(i=0;i<4;i++)
 214   1              {
 215   2                      P1=table9[i];           
 216   2                      delay(100);
 217   2              }
 218   1              P1=0xff;
 219   1      }
 220          
 221          void disp7()                    //状态7 LED自下而上逐渐点亮(直到全部点亮)
 222          {
 223   1              for(i=0;i<4;i++)
 224   1              {
 225   2                      P1=table9[i];
 226   2                      delay(100);
 227   2              }
 228   1              for(i=0;i<8;i++)
 229   1              {
 230   2                      P0=table2[i];
 231   2                      P2=table2[i];
 232   2                      delay(100);
C51 COMPILER V9.01   MAIN                                                                  10/16/2017 18:21:08 PAGE 5   

 233   2              }
 234   1      }
 235          
 236          void disp10()                   //状态10 从LED全部亮到全不亮(间断8格的3个LED开始逆时针熄灭)
 237          {
 238   1              for(i=0;i<9;i++)
 239   1              {
 240   2                      P0=table5[i];
 241   2                      P2=table4[i];
 242   2                      P1=table4[i];
 243   2                      delay(100);
 244   2              }
 245   1              delay(300);
 246   1      }
 247          
 248          void disp11()                   //状态11 间断8格的3个LED亮并顺时针旋转
 249          {
 250   1              for(j=0;j<2;j++)
 251   1              {
 252   2                      for(i=0;i<8;i++)
 253   2                      {
 254   3                              P0=table0[i];
 255   3                              P2=table1[i];
 256   3                              P1=table1[i];
 257   3                              delay(100);
 258   3                      }
 259   2                      P0=0xff; P2=0xff; P1=0xff;
 260   2                      for(i=0;i<8;i++)
 261   2                      {
 262   3                              P0=table0[i];
 263   3                              P2=table1[i];
 264   3                              P1=table1[i];
 265   3                              delay(100);
 266   3                      }
 267   2                      P0=0xff; P2=0xff; P1=0xff; 
 268   2              }
 269   1      }
 270          
 271          void disp12()                   //间断8格的3个LED亮，然后顺时针逐渐点亮(直到全部点亮)
 272          {
 273   1              for(i=0;i<8;i++)
 274   1              {
 275   2                      P0=table2[i];
 276   2                      P2=table3[i];
 277   2                      P1=table3[i];
 278   2                      delay(100);
 279   2              }
 280   1              delay(1000);
 281   1      }
 282          
 283          void disp13()                   //状态13 从LED全部亮到全不亮(间断8格的3个LED开始顺时针熄灭)
 284          {
 285   1              for(i=0;i<8;i++)
 286   1              {
 287   2                      P0=table4[i];
 288   2                      P2=table5[i];
 289   2                      P1=table5[i];
 290   2                      delay(100);
 291   2              }
 292   1              delay(300);
 293   1      }
 294          
C51 COMPILER V9.01   MAIN                                                                  10/16/2017 18:21:08 PAGE 6   

 295          void disp14()                   //状态14 从LED不亮到全亮(从P0.0、P1.0、P1.7、P2.0开始逐步点亮)
 296          {
 297   1              for(i=0;i<8;i++)
 298   1              {
 299   2                      P0=table2[i];
 300   2                      P2=table2[i];
 301   2                      if(i<4)
 302   2                      {
 303   3                              P1=table8[i];
 304   3                      }               
 305   2                      delay(100);
 306   2              }
 307   1      }
 308          
 309          void disp15()                   //状态15 从LED全亮到全不亮(从P0.7、P1.3、P1.4、P2.7开始逐步熄灭)
 310          {
 311   1              for(i=0;i<8;i++)
 312   1              {
 313   2                      P0=table5[i];
 314   2                      P2=table5[i];
 315   2                      if(i<4)
 316   2                      {
 317   3                              P1=table11[i];
 318   3                      }               
 319   2                      delay(100);
 320   2              }
 321   1      }
 322          
 323          void disp16()                   //状态16 LED灯交替闪烁(频率有慢变快)
 324          {
 325   1              for(i=0;i<5;i++)
 326   1              {
 327   2                      P0=0xaa; P1=0x55; P2=0xaa;
 328   2                      delay(100);
 329   2                      P0=~P0; P1=~P1; P2=~P2; 
 330   2                      delay(100);
 331   2              }
 332   1              for(i=0;i<5;i++)
 333   1              {
 334   2                      P0=0xaa; P1=0x55; P2=0xaa;
 335   2                      delay(200);
 336   2                      P0=~P0; P1=~P1; P2=~P2;
 337   2                      delay(200);
 338   2              }
 339   1              for(i=0;i<5;i++)
 340   1              {
 341   2                      P0=0xaa; P1=0x55; P2=0xaa;
 342   2                      delay(300);
 343   2                      P0=~P0; P1=~P1; P2=~P2;
 344   2                      delay(300);
 345   2              }
 346   1              P0=0xff; P2=0xff; P1=0xff; 
 347   1              delay(300);
 348   1      }
 349          
 350          void disp17()  //状态17 LED从P0.7开始逆时针逐步点亮,并且速度会逐步提高
 351          {
 352   1              for(i=0;i<4;i++)
 353   1              {
 354   2                      P1=table3[3-i]; 
 355   2                      delay(100);
 356   2              }
C51 COMPILER V9.01   MAIN                                                                  10/16/2017 18:21:08 PAGE 7   

 357   1              for(i=0;i<8;i++)
 358   1              {
 359   2                      P0=table2[i];
 360   2                      delay(100);
 361   2              }
 362   1              for(i=0;i<4;i++)
 363   1              {
 364   2                      P1=table12[i];  
 365   2                      delay(100);     
 366   2              }
 367   1              for(i=0;i<8;i++)
 368   1              {
 369   2                      P2=table2[i];
 370   2                      delay(100);
 371   2              }
 372   1              P0=0xff; P1=0xff; P2=0xff;
 373   1      /************再循环一次****************/
 374   1      for(i=0;i<4;i++)
 375   1              {
 376   2                      P1=table3[3-i]; 
 377   2                      delay(50);
 378   2              }
 379   1              for(i=0;i<8;i++)
 380   1              {
 381   2                      P0=table2[i];
 382   2                      delay(50);
 383   2              }
 384   1              for(i=0;i<4;i++)
 385   1              {
 386   2                      P1=table12[i];  
 387   2                      delay(50);      
 388   2              }
 389   1              for(i=0;i<8;i++)
 390   1              {
 391   2                      P2=table2[i];
 392   2                      delay(50);
 393   2              }
 394   1              P0=0xff; P1=0xff;P2=0xff;
 395   1                              
 396   1      }
 397          
 398          void disp19()                   //状态19 LED从P2.7开始顺时针逐步点亮,(循环2次)并且速度会逐步提高
 399          {
 400   1              for(i=0;i<8;i++)
 401   1              {
 402   2                      P2=table3[i];
 403   2                      delay(100);
 404   2              }
 405   1              for(i=0;i<4;i++)
 406   1              {
 407   2                      P1=table3[i];
 408   2                      delay(100);
 409   2              }       
 410   1              for(i=0;i<8;i++)
 411   1              {
 412   2                      P0=table3[i];
 413   2                      delay(100);
 414   2              }       
 415   1              for(i=0;i<4;i++)
 416   1              {
 417   2                      P0=table13[i];
 418   2                      delay(100);
C51 COMPILER V9.01   MAIN                                                                  10/16/2017 18:21:08 PAGE 8   

 419   2              }
 420   1              P0=0xff; P1=0xff;P2=0xff;
 421   1      /*******************************/
 422   1              for(i=0;i<8;i++)
 423   1              {
 424   2                      P2=table3[i];
 425   2                      delay(50);
 426   2              }
 427   1              for(i=0;i<4;i++)
 428   1              {
 429   2                      P1=table3[i];
 430   2                      delay(50);
 431   2              }       
 432   1              for(i=0;i<8;i++)
 433   1              {
 434   2                      P0=table3[i];
 435   2                      delay(50);
 436   2              }       
 437   1              for(i=0;i<4;i++)
 438   1              {
 439   2                      P0=table13[i];
 440   2                      delay(50);
 441   2              }
 442   1              P0=0xff; P1=0xff; P2=0xff;
 443   1      }
 444          
 445          void disp23()                   //状态23 LED上下交替闪烁
 446          {
 447   1      
 448   1              for(i=0;i<2;i++)
 449   1              {
 450   2                      P0=0x00; P2=0x00;
 451   2                      delay(1000);
 452   2                      P0=0xff; P2=0xff;
 453   2                      P1=0x00;
 454   2                      delay(1000);
 455   2                      P1=0xff;
 456   2              }
 457   1      }
 458          
 459          void disp39()                   //状态39 P1一直亮,上半部分LED向外扩张亮,然后闪烁3次
 460          {
 461   1              P1=0x00;
 462   1              for(i=0;i<8;i++)
 463   1              {
 464   2                      P0=table3[i];
 465   2                      P2=table3[i];
 466   2                      delay(50);
 467   2              }
 468   1              for(i=0;i<8;i++)
 469   1              {
 470   2                      P0=table3[i];
 471   2                      P2=table3[i];
 472   2                      delay(100);
 473   2              }
 474   1              for(i=0;i<4;i++)
 475   1              {
 476   2                      P0=~P0; P2=~P2;
 477   2                      delay(80);
 478   2              }
 479   1              delay(200);
 480   1              P1=0xff; P2=0xff;P0=0xff;
C51 COMPILER V9.01   MAIN                                                                  10/16/2017 18:21:08 PAGE 9   

 481   1      } 
 482          
 483          void disp32()                   //状态32 LED自上而下逐步点亮，然后从下往上逐步熄灭
 484          {
 485   1              for(i=0;i<8;i++)
 486   1              {
 487   2                      P0=table3[i];
 488   2                      P2=table3[i];
 489   2                      delay(100);
 490   2              }
 491   1              for(i=0;i<4;i++)
 492   1              {
 493   2                      P1=table8[i];
 494   2                      delay(100);
 495   2              }
 496   1              for(i=0;i<4;i++)
 497   1              {
 498   2                      P1=table11[i];
 499   2                      delay(100);
 500   2              }
 501   1              for(i=0;i<8;i++)
 502   1              {
 503   2                      P0=table4[i];
 504   2                      P2=table4[i];
 505   2                      delay(100);
 506   2              }
 507   1      }
 508          
 509          void disp33()                   //状态33 LED从左往右开始点亮(直到全亮)，然后从左右两边开始熄灭(直到全部熄灭)
 510          {
 511   1              for(i=0;i<8;i++)
 512   1              {
 513   2                      P0=table2[i];           
 514   2                      if(i<4)
 515   2                      {
 516   3                              P1=table2[i];
 517   3                      }               
 518   2                      delay(100);
 519   2              }
 520   1              for(i=0;i<8;i++)
 521   1              {               
 522   2                      P2=table3[i];
 523   2                      if(i<4)
 524   2                      {
 525   3                              P1=table12[i];
 526   3                      }               
 527   2                      delay(100);
 528   2              }
 529   1      /****************************/
 530   1              for(i=0;i<8;i++)
 531   1              {
 532   2                      P2=table4[i];           
 533   2                      if(i<4)
 534   2                      {
 535   3                              P1=table14[i];
 536   3                      }               
 537   2                      delay(100);
 538   2              }
 539   1              for(i=0;i<8;i++)
 540   1              {
 541   2                      P0=table5[i];           
 542   2                      if(i<4)
C51 COMPILER V9.01   MAIN                                                                  10/16/2017 18:21:08 PAGE 10  

 543   2                      {
 544   3                              P1=table5[i+5];
 545   3                      }               
 546   2                      delay(100);
 547   2              }
 548   1      }
 549          
 550          void disp36()                   //状态36  从P0.7、P1.4开始同时逆时针旋转，直到LED全亮
 551          {
 552   1              for(i=0;i<8;i++)
 553   1              {
 554   2                      if(i<4)  P1=table15[i];
 555   2                      if(i<8)  P0=table3[i];    
 556   2                      delay(100);
 557   2              }
 558   1              for(i=0;i<8;i++)
 559   1              {
 560   2                      if(i<4)  P1=table16[i];
 561   2                      if(i<8)  P2=table2[i];
 562   2                      delay(100);
 563   2              }
 564   1      }
 565          
 566          void disp40()                   //状态40 LED从P1.4、P0.7开始逆时针同时熄灭，直到LED全部熄灭
 567          {
 568   1              for(i=0;i<8;i++)
 569   1              {
 570   2                      if(i<4)  P1=table17[i];
 571   2                      if(i<8)  P0=table3[i];
 572   2                      delay(100);
 573   2              }
 574   1              for(i=0;i<8;i++)
 575   1              {
 576   2                      if(i<4)  P1=table18[i];
 577   2                      if(i<8)  P2=table2[i];
 578   2                      delay(100);
 579   2              }
 580   1              delay(300);     
 581   1      }
 582          
 583          void disp28()                   //状态28 P1、P2和P0交替闪烁
 584          {       
 585   1              for(i=0;i<2;i++)
 586   1              {
 587   2                      P1=0x0f; P2=0x00;  
 588   2                      delay(1000);
 589   2                      P1=0xf0; P2=0xff; P0=0x00; 
 590   2                      delay(1000);
 591   2              }
 592   1              P1=0xff; P2=0xff; P0=0xff;
 593   1      }
 594          
 595          void disp66()
 596          {
 597   1              for(i=0;i<10;i++)
 598   1              {
 599   2                      P0=0xff;
 600   2                      P2=0x00;
 601   2                      P1=0x0f;
 602   2                      delay(80);
 603   2                      P1=0xf0;
 604   2                      P2=0xff;
C51 COMPILER V9.01   MAIN                                                                  10/16/2017 18:21:08 PAGE 11  

 605   2                      P0=0x00;                
 606   2                      delay(80);
 607   2              }
 608   1              P1=P0=P2=0X00;
 609   1      }
 610          
 611          
 612          
 613          
 614                                  
 615          
 616          void main()
 617          {
 618   1              uchar i=0; 
 619   1              TMOD=0x01; EA=1; ET0=1;
 620   1              while(1)
 621   1              {
 622   2              if(k1==0)
 623   2              {
 624   3                 delay(100);
 625   3                 if(k1==0)
 626   3                 {  
 627   4                      disp0();        //状态0 所有LED闪烁3次
 628   4                      disp1();        //状态1 LED顺时针转一圈
 629   4                      disp2();        //状态2 LED逆时针转一圈 
 630   4                      disp3();        //状态3 3个LED同时顺时、逆时针移动1/3圈
 631   4                      disp4();        //状态4  2个LED同时从顶部中间开始往两边到底部移动半圈
 632   4                      disp5();        //状态5  2个LED同时从底部中间开始往两边到顶部移动半圈
 633   4                      disp6();        //状态6 LED自上而下逐渐点亮(一半点亮一半不亮)
 634   4                      disp7();        //状态7 LED自下而上逐渐点亮(直到全部点亮)
 635   4                      disp0();        //状态0 所有LED闪烁3次
 636   4                      disp10();       //状态10 从LED全部亮到全不亮
 637   4                      disp11();       //状态11 间断8格的3个LED亮并顺时针旋转
 638   4                      disp12();       //状态12 间断8格的3个LED亮，然后顺时针逐渐点亮(直到全部点亮)
 639   4                      disp13();       //状态13 从LED全部亮到全不亮(间断8格的3个LED开始顺时针熄灭)
 640   4                      disp14();       //状态14 从LED不亮到全亮(从P0.0、P1.0、P1.7、P2.0开始逐布点亮)
 641   4                      disp15();       //状态15 从LED全亮到全不亮(从P0.7、P1.3、P1.4、P2.7开始逐步熄灭)
 642   4                      disp16();       //状态16 LED灯交替闪烁(频率有慢变快)
 643   4                      disp17();       //状态17 LED从P0.7开始逆时针逐步点亮,并且速度会逐步提高
 644   4                      disp19();       //状态19 LED从P2.7开始顺时针逐步点亮,(循环2次)并且速度会逐步提高
 645   4                      disp23();       //状态23 LED上下交替闪烁
 646   4                      disp39();       //状态39 P1(下半部分)一直亮,上半部分LED向外扩张亮,然后闪烁3次
 647   4                      disp32();       //状态32 LED自上而下逐步点亮，然后从下往上逐步熄灭
 648   4                      disp33();       //状态33 LED从左往右开始点亮(直到全亮)，然后从左右两边开始熄灭(直到全部熄灭)
 649   4                      disp36();       //状态36  从P0.7、P1.4开始同时逆时针旋转，直到LED全亮
 650   4                      disp40();       //状态40 从P0.7、P1.4开始逆时针同时熄灭，直到LED全部熄灭
 651   4                      disp28();       //状态28 P1、P2和P0交替闪烁
 652   4                      disp66();       //状态66 左右边交叉闪
 653   4                      }
 654   3                      while(!k1);
 655   3              }
 656   2              if(k2==0)
 657   2              {
 658   3                      delay(100);
 659   3                      if(k2==0)
 660   3                      {
 661   4                      while(1)
 662   4                      {               
 663   5                      for(high=1;high<cycle;high++)
 664   5                      {
 665   6                              P2=P1=P0=0XFF;
 666   6                              delay2(high);
C51 COMPILER V9.01   MAIN                                                                  10/16/2017 18:21:08 PAGE 12  

 667   6                              P2=P1=P0=0X00;
 668   6                              low=cycle-high;
 669   6                              delay2(low);
 670   6                      }                       
 671   5                      for(low=1;low<cycle;low++)
 672   5                      {
 673   6                              
 674   6                              P2=P1=P0=0XFF;;
 675   6                              high=cycle-low;
 676   6                              delay2(high);
 677   6                              P2=P1=P0=0X00;
 678   6                              delay2(low);
 679   6                      }
 680   5              }
 681   4              }
 682   3                      while(!k2);
 683   3                      }
 684   2              if(k3==0)
 685   2              {       
 686   3                      delay(100);
 687   3                      if(k3==0)
 688   3                      {
 689   4                      while(1)
 690   4                      {               
 691   5                              m=music[i][0];n=music[i][1]; 
 692   5                      if(m==0x00)
 693   5                      {TR0=0;delay1(n);i++;} 
 694   5                      else if(m==0xFF)
 695   5                      {TR0=0;delay1(30);i=0;} 
 696   5                      else if(m==music[i+1][0]) 
 697   5                      {TR0=1;delay1(n);TR0=0;pause();i++;}
 698   5                      else
 699   5                      {TR0=1;delay1(n);i++;}
 700   5                      }
 701   4                      }
 702   3              }
 703   2              }
 704   1              while(!k3);             
 705   1      }


MODULE INFORMATION:   STATIC OVERLAYABLE
   CODE SIZE        =   2575    ----
   CONSTANT SIZE    =    396    ----
   XDATA SIZE       =   ----    ----
   PDATA SIZE       =   ----    ----
   DATA SIZE        =     10    ----
   IDATA SIZE       =   ----    ----
   BIT SIZE         =   ----    ----
END OF MODULE INFORMATION.


C51 COMPILATION COMPLETE.  0 WARNING(S),  0 ERROR(S)
